// Jest Snapshot v1, https://goo.gl/fbAQLP

exports[`App component test renders the app 1`] = `<Display />`;
