// Jest Snapshot v1, https://goo.gl/fbAQLP

exports[`Display Component text renders the display 1`] = `
<section
  style={
    Object {
      "footerText": undefined,
      "headerText": undefined,
      "height": "300px",
      "image": undefined,
      "margin": "20px",
      "width": "300px",
    }
  }
>
  <p />
  <div>
    <img
      alt="friday meme"
      src="http://preetkamal.com/wp-content/uploads/2019/03/Friday-Meme-Friday-Is-My-Second.jpg"
    />
  </div>
  <p />
</section>
`;
